Microsoft Windows [Versiï¿½n 10.0.15063]
(c) 2017 Microsoft Corporation. Todos los derechos reservados.

C:\Users\pmz94>cd C:\xampp\htdocs

C:\xampp\htdocs>composer global require "laravel/installer"
Changed current directory to C:/Users/pmz94/AppData/Roaming/Composer
Using version ^1.3 for laravel/installer
./composer.json has been updated
Loading composer repositories with package information
Updating dependencies (including require-dev)
Package operations: 11 installs, 0 updates, 0 removals
  - Installing symfony/process (v3.3.6): Loading from cache
  - Installing symfony/filesystem (v3.3.6): Downloading (100%)
  - Installing psr/log (1.0.2): Loading from cache
  - Installing symfony/debug (v3.3.6): Loading from cache
  - Installing symfony/polyfill-mbstring (v1.5.0): Loading from cache
  - Installing symfony/console (v3.3.6): Loading from cache
  - Installing guzzlehttp/promises (v1.3.1): Downloading (100%)
  - Installing psr/http-message (1.0.1): Downloading (100%)
  - Installing guzzlehttp/psr7 (1.4.2): Downloading (100%)
  - Installing guzzlehttp/guzzle (6.3.0): Downloading (100%)
  - Installing laravel/installer (v1.3.7): Downloading (100%)
symfony/console suggests installing symfony/event-dispatcher ()
Writing lock file
Generating autoload files

C:\xampp\htdocs>laravel new new_project
Crafting application...
Loading composer repositories with package information
Installing dependencies (including require-dev) from lock file
Package operations: 59 installs, 0 updates, 0 removals
  - Installing doctrine/inflector (v1.2.0): Loading from cache
  - Installing erusev/parsedown (1.6.3): Loading from cache
  - Installing jakub-onderka/php-console-color (0.1): Loading from cache
  - Installing symfony/polyfill-mbstring (v1.5.0): Loading from cache
  - Installing symfony/var-dumper (v3.3.6): Loading from cache
  - Installing psr/log (1.0.2): Loading from cache
  - Installing symfony/debug (v3.3.6): Loading from cache
  - Installing symfony/console (v3.3.6): Loading from cache
  - Installing nikic/php-parser (v3.1.0): Loading from cache
  - Installing jakub-onderka/php-console-highlighter (v0.3.2): Loading from cache
  - Installing dnoegel/php-xdg-base-dir (0.1): Loading from cache
  - Installing psy/psysh (v0.8.11): Loading from cache
  - Installing vlucas/phpdotenv (v2.4.0): Loading from cache
  - Installing symfony/css-selector (v3.3.6): Loading from cache
  - Installing tijsverkoyen/css-to-inline-styles (2.2.0): Loading from cache
  - Installing symfony/routing (v3.3.6): Loading from cache
  - Installing symfony/process (v3.3.6): Loading from cache
  - Installing symfony/http-foundation (v3.3.6): Loading from cache
  - Installing symfony/event-dispatcher (v3.3.6): Loading from cache
  - Installing symfony/http-kernel (v3.3.6): Loading from cache
  - Installing symfony/finder (v3.3.6): Loading from cache
  - Installing swiftmailer/swiftmailer (v5.4.8): Loading from cache
  - Installing paragonie/random_compat (v2.0.10): Loading from cache
  - Installing ramsey/uuid (3.7.0): Loading from cache
  - Installing symfony/translation (v3.3.6): Loading from cache
  - Installing nesbot/carbon (1.22.1): Loading from cache
  - Installing mtdowling/cron-expression (v1.2.0): Loading from cache
  - Installing monolog/monolog (1.23.0): Loading from cache
  - Installing league/flysystem (1.0.41): Loading from cache
  - Installing laravel/framework (v5.4.35): Loading from cache
  - Installing laravel/tinker (v1.0.2): Loading from cache
  - Installing fzaninotto/faker (v1.7.1): Loading from cache
  - Installing hamcrest/hamcrest-php (v1.2.2): Loading from cache
  - Installing mockery/mockery (0.9.9): Loading from cache
  - Installing webmozart/assert (1.2.0): Loading from cache
  - Installing phpdocumentor/reflection-common (1.0): Loading from cache
  - Installing phpdocumentor/type-resolver (0.3.0): Loading from cache
  - Installing phpdocumentor/reflection-docblock (3.2.2): Loading from cache
  - Installing phpunit/php-token-stream (2.0.1): Loading from cache
  - Installing symfony/yaml (v3.3.6): Loading from cache
  - Installing sebastian/version (2.0.1): Loading from cache
  - Installing sebastian/resource-operations (1.0.0): Loading from cache
  - Installing sebastian/recursion-context (2.0.0): Loading from cache
  - Installing sebastian/object-enumerator (2.0.1): Loading from cache
  - Installing sebastian/global-state (1.1.1): Loading from cache
  - Installing sebastian/exporter (2.0.0): Loading from cache
  - Installing sebastian/environment (2.0.0): Loading from cache
  - Installing sebastian/diff (1.4.3): Loading from cache
  - Installing sebastian/comparator (1.2.4): Loading from cache
  - Installing phpunit/php-text-template (1.2.1): Loading from cache
  - Installing doctrine/instantiator (1.0.5): Downloading (100%)
  - Installing phpunit/phpunit-mock-objects (3.4.4): Loading from cache
  - Installing phpunit/php-timer (1.0.9): Loading from cache
  - Installing phpunit/php-file-iterator (1.4.2): Loading from cache
  - Installing sebastian/code-unit-reverse-lookup (1.0.1): Loading from cache
  - Installing phpunit/php-code-coverage (4.0.8): Loading from cache
  - Installing phpspec/prophecy (v1.7.0): Loading from cache
  - Installing myclabs/deep-copy (1.6.1): Loading from cache
  - Installing phpunit/phpunit (5.7.21): Loading from cache
symfony/var-dumper suggests installing ext-symfony_debug ()
symfony/console suggests installing symfony/filesystem ()
psy/psysh suggests installing ext-pcntl (Enabling the PCNTL extension makes PsySH a lot happier :))
psy/psysh suggests installing ext-pdo-sqlite (The doc command requires SQLite to work.)
psy/psysh suggests installing ext-posix (If you have PCNTL, you'll want the POSIX extension as well.)
psy/psysh suggests installing hoa/console (A pure PHP readline implementation. You'll want this if your PHP install doesn't already support readline or libedit.)
symfony/routing suggests installing doctrine/annotations (For using the annotation loader)
symfony/routing suggests installing symfony/config (For using the all-in-one router or any loader)
symfony/routing suggests installing symfony/dependency-injection (For loading routes from a service)
symfony/routing suggests installing symfony/expression-language (For using expression matching)
symfony/event-dispatcher suggests installing symfony/dependency-injection ()
symfony/http-kernel suggests installing symfony/browser-kit ()
symfony/http-kernel suggests installing symfony/class-loader ()
symfony/http-kernel suggests installing symfony/config ()
symfony/http-kernel suggests installing symfony/dependency-injection ()
paragonie/random_compat suggests installing ext-libsodium (Provides a modern crypto API that can be used to generate random bytes.)
ramsey/uuid suggests installing ext-libsodium (Provides the PECL libsodium extension for use with the SodiumRandomGenerator)
ramsey/uuid suggests installing ext-uuid (Provides the PECL UUID extension for use with the PeclUuidTimeGenerator and PeclUuidRandomGenerator)
ramsey/uuid suggests installing ircmaxell/random-lib (Provides RandomLib for use with the RandomLibAdapter)
ramsey/uuid suggests installing moontoast/math (Provides support for converting UUID to 128-bit integer (in string form).)
ramsey/uuid suggests installing ramsey/uuid-console (A console application for generating UUIDs with ramsey/uuid)
ramsey/uuid suggests installing ramsey/uuid-doctrine (Allows the use of Ramsey\Uuid\Uuid as Doctrine field type.)
symfony/translation suggests installing symfony/config ()
monolog/monolog suggests installing aws/aws-sdk-php (Allow sending log messages to AWS services like DynamoDB)
monolog/monolog suggests installing doctrine/couchdb (Allow sending log messages to a CouchDB server)
monolog/monolog suggests installing ext-amqp (Allow sending log messages to an AMQP server (1.0+ required))
monolog/monolog suggests installing ext-mongo (Allow sending log messages to a MongoDB server)
monolog/monolog suggests installing graylog2/gelf-php (Allow sending log messages to a GrayLog2 server)
monolog/monolog suggests installing mongodb/mongodb (Allow sending log messages to a MongoDB server via PHP Driver)
monolog/monolog suggests installing php-amqplib/php-amqplib (Allow sending log messages to an AMQP server using php-amqplib)
monolog/monolog suggests installing php-console/php-console (Allow sending log messages to Google Chrome)
monolog/monolog suggests installing rollbar/rollbar (Allow sending log messages to Rollbar)
monolog/monolog suggests installing ruflin/elastica (Allow sending log messages to an Elastic Search server)
monolog/monolog suggests installing sentry/sentry (Allow sending log messages to a Sentry server)
league/flysystem suggests installing league/flysystem-aws-s3-v2 (Allows you to use S3 storage with AWS SDK v2)
league/flysystem suggests installing league/flysystem-aws-s3-v3 (Allows you to use S3 storage with AWS SDK v3)
league/flysystem suggests installing league/flysystem-azure (Allows you to use Windows Azure Blob storage)
league/flysystem suggests installing league/flysystem-cached-adapter (Flysystem adapter decorator for metadata caching)
league/flysystem suggests installing league/flysystem-eventable-filesystem (Allows you to use EventableFilesystem)
league/flysystem suggests installing league/flysystem-rackspace (Allows you to use Rackspace Cloud Files)
league/flysystem suggests installing league/flysystem-sftp (Allows you to use SFTP server storage via phpseclib)
league/flysystem suggests installing league/flysystem-webdav (Allows you to use WebDAV storage)
league/flysystem suggests installing league/flysystem-ziparchive (Allows you to use ZipArchive adapter)
league/flysystem suggests installing spatie/flysystem-dropbox (Allows you to use Dropbox storage)
league/flysystem suggests installing srmklive/flysystem-dropbox-v2 (Allows you to use Dropbox storage for PHP 5 applications)
laravel/framework suggests installing aws/aws-sdk-php (Required to use the SQS queue driver and SES mail driver (~3.0).)
laravel/framework suggests installing doctrine/dbal (Required to rename columns and drop SQLite columns (~2.5).)
laravel/framework suggests installing guzzlehttp/guzzle (Required to use the Mailgun and Mandrill mail drivers and the ping methods on schedules (~6.0).)
laravel/framework suggests installing league/flysystem-aws-s3-v3 (Required to use the Flysystem S3 driver (~1.0).)
laravel/framework suggests installing league/flysystem-rackspace (Required to use the Flysystem Rackspace driver (~1.0).)
laravel/framework suggests installing nexmo/client (Required to use the Nexmo transport (~1.0).)
laravel/framework suggests installing pda/pheanstalk (Required to use the beanstalk queue driver (~3.0).)
laravel/framework suggests installing predis/predis (Required to use the redis cache and queue drivers (~1.0).)
laravel/framework suggests installing pusher/pusher-php-server (Required to use the Pusher broadcast driver (~2.0).)
laravel/framework suggests installing symfony/dom-crawler (Required to use most of the crawler integration testing tools (~3.2).)
laravel/framework suggests installing symfony/psr-http-message-bridge (Required to psr7 bridging features (0.2.*).)
sebastian/global-state suggests installing ext-uopz (*)
phpunit/phpunit-mock-objects suggests installing ext-soap (*)
phpunit/php-code-coverage suggests installing ext-xdebug (^2.5.1)
phpunit/phpunit suggests installing ext-xdebug (*)
phpunit/phpunit suggests installing phpunit/php-invoker (~1.1)
Generating optimized autoload files
> php -r "file_exists('.env') || copy('.env.example', '.env');"
> Illuminate\Foundation\ComposerScripts::postInstall
> php artisan optimize
Generating optimized class loader
The compiled services file has been removed.
> php artisan key:generate
Application key [base64:/02jJ9C2asg0TgDsB+TOCrKCt3IyKYAQalbaZQy4Cu4=] set successfully.
Application ready! Build something amazing.

C:\xampp\htdocs>composer global require "laravelcollective/html"
Changed current directory to C:/Users/pmz94/AppData/Roaming/Composer
Using version ^5.4 for laravelcollective/html
./composer.json has been updated
Loading composer repositories with package information
Updating dependencies (including require-dev)
Package operations: 20 installs, 0 updates, 0 removals
  - Installing paragonie/random_compat (v2.0.10): Loading from cache
  - Installing illuminate/contracts (v5.4.27): Downloading (100%)
  - Installing doctrine/inflector (v1.2.0): Loading from cache
  - Installing illuminate/support (v5.4.27): Downloading (100%)
  - Installing symfony/finder (v3.3.6): Loading from cache
  - Installing illuminate/filesystem (v5.4.27): Downloading (100%)
  - Installing illuminate/container (v5.4.27): Downloading (100%)
  - Installing illuminate/events (v5.4.27): Downloading (100%)
  - Installing illuminate/view (v5.4.27): Downloading (100%)
  - Installing symfony/http-foundation (v3.3.6): Loading from cache
  - Installing symfony/translation (v3.3.6): Loading from cache
  - Installing nesbot/carbon (1.22.1): Loading from cache
  - Installing illuminate/session (v5.4.27): Downloading (100%)
  - Installing symfony/routing (v3.3.6): Loading from cache
  - Installing symfony/event-dispatcher (v3.3.6): Loading from cache
  - Installing symfony/http-kernel (v3.3.6): Loading from cache
  - Installing illuminate/pipeline (v5.4.27): Downloading (100%)
  - Installing illuminate/http (v5.4.27): Downloading (100%)
  - Installing illuminate/routing (v5.4.27): Downloading (100%)
  - Installing laravelcollective/html (v5.4.8): Downloading (100%)
paragonie/random_compat suggests installing ext-libsodium (Provides a modern crypto API that can be used to generate random bytes.)
illuminate/support suggests installing symfony/var-dumper (Required to use the dd function (~3.2).)
illuminate/filesystem suggests installing league/flysystem (Required to use the Flysystem local and FTP drivers (~1.0).)
illuminate/filesystem suggests installing league/flysystem-aws-s3-v3 (Required to use the Flysystem S3 driver (~1.0).)
illuminate/filesystem suggests installing league/flysystem-rackspace (Required to use the Flysystem Rackspace driver (~1.0).)
symfony/translation suggests installing symfony/config ()
symfony/translation suggests installing symfony/yaml ()
illuminate/session suggests installing illuminate/console (Required to use the session:table command (5.4.*).)
symfony/routing suggests installing doctrine/annotations (For using the annotation loader)
symfony/routing suggests installing symfony/config (For using the all-in-one router or any loader)
symfony/routing suggests installing symfony/dependency-injection (For loading routes from a service)
symfony/routing suggests installing symfony/expression-language (For using expression matching)
symfony/routing suggests installing symfony/yaml (For using the YAML loader)
symfony/event-dispatcher suggests installing symfony/dependency-injection ()
symfony/http-kernel suggests installing symfony/browser-kit ()
symfony/http-kernel suggests installing symfony/class-loader ()
symfony/http-kernel suggests installing symfony/config ()
symfony/http-kernel suggests installing symfony/dependency-injection ()
symfony/http-kernel suggests installing symfony/var-dumper ()
illuminate/routing suggests installing illuminate/console (Required to use the make commands (5.4.*).)
illuminate/routing suggests installing symfony/psr-http-message-bridge (Required to psr7 bridging features (0.2.*).)
Writing lock file
Generating autoload files

C:\xampp\htdocs>composer update
Composer could not find a composer.json file in C:\xampp\htdocs
To initialize a project, please create a composer.json file as described in the https://getcomposer.org/ "Getting Started" section

C:\xampp\htdocs>cd new_project

C:\xampp\htdocs\new_project>composer update
Loading composer repositories with package information
Updating dependencies (including require-dev)
Package operations: 0 installs, 1 update, 0 removals
  - Updating doctrine/instantiator (1.0.5 => 1.1.0): Loading from cache
Writing lock file
Generating optimized autoload files
> Illuminate\Foundation\ComposerScripts::postUpdate
> php artisan optimize
Generating optimized class loader
The compiled services file has been removed.

C:\xampp\htdocs\new_project>code .

C:\xampp\htdocs\new_project>composer update
Loading composer repositories with package information
Updating dependencies (including require-dev)
Package operations: 1 install, 0 updates, 0 removals
  - Installing laravelcollective/html (v5.4.8): Loading from cache
Writing lock file
Generating optimized autoload files
> Illuminate\Foundation\ComposerScripts::postUpdate
> php artisan optimize
Generating optimized class loader
The compiled services file has been removed.

C:\xampp\htdocs\new_project>php artisan key:generate
Application key [base64:9KxJN07Tyimll15MCA1bzURBOvXpCUgLJnJXh4e9N1o=] set successfully.

C:\xampp\htdocs\new_project>php artisan serve
Laravel development server started: <http://127.0.0.1:8000>
[Thu Aug 24 19:42:08 2017] 127.0.0.1:62203 [200]: /favicon.ico
[Thu Aug 24 19:46:18 2017] 127.0.0.1:62204 Invalid request (Unexpected EOF)
[Thu Aug 24 19:52:41 2017] 127.0.0.1:63349 [200]: /favicon.ico
[Thu Aug 24 20:01:55 2017] 127.0.0.1:63350 Invalid request (Unexpected EOF)
[Thu Aug 24 20:01:55 2017] 127.0.0.1:63351 Invalid request (Unexpected EOF)
[Thu Aug 24 20:01:55 2017] 127.0.0.1:63353 Invalid request (Unexpected EOF)
[Thu Aug 24 20:01:56 2017] 127.0.0.1:64348 [200]: /favicon.ico
[Thu Aug 24 20:02:06 2017] 127.0.0.1:64349 Invalid request (Unexpected EOF)
[Thu Aug 24 20:02:06 2017] 127.0.0.1:64351 Invalid request (Unexpected EOF)
[Thu Aug 24 20:18:51 2017] 127.0.0.1:49880 [200]: /favicon.ico
[Thu Aug 24 20:19:32 2017] 127.0.0.1:49881 Invalid request (Unexpected EOF)
[Thu Aug 24 20:19:32 2017] 127.0.0.1:49885 Invalid request (Unexpected EOF)
[Thu Aug 24 20:19:33 2017] 127.0.0.1:49961 [200]: /favicon.ico
[Thu Aug 24 20:20:57 2017] 127.0.0.1:49962 Invalid request (Unexpected EOF)
[Thu Aug 24 20:20:57 2017] 127.0.0.1:49963 Invalid request (Unexpected EOF)
[Thu Aug 24 20:20:58 2017] 127.0.0.1:50121 [200]: /favicon.ico
[Thu Aug 24 20:20:59 2017] 127.0.0.1:50124 [200]: /favicon.ico
[Thu Aug 24 20:30:13 2017] 127.0.0.1:50129 Invalid request (Unexpected EOF)
[Thu Aug 24 20:30:14 2017] 127.0.0.1:51117 [200]: /favicon.ico
[Thu Aug 24 20:31:22 2017] 127.0.0.1:51118 Invalid request (Unexpected EOF)
[Thu Aug 24 20:31:22 2017] 127.0.0.1:51120 Invalid request (Unexpected EOF)
[Thu Aug 24 20:31:22 2017] 127.0.0.1:51242 [200]: /favicon.ico
[Thu Aug 24 20:32:49 2017] 127.0.0.1:51243 Invalid request (Unexpected EOF)
[Thu Aug 24 20:32:49 2017] 127.0.0.1:51245 Invalid request (Unexpected EOF)
[Thu Aug 24 20:32:50 2017] 127.0.0.1:51508 [200]: /favicon.ico
[Thu Aug 24 20:38:26 2017] 127.0.0.1:52574 [200]: /favicon.ico
[Thu Aug 24 20:39:43 2017] 127.0.0.1:52864 [200]: /favicon.ico
[Thu Aug 24 20:40:05 2017] 127.0.0.1:52865 Invalid request (Unexpected EOF)
[Thu Aug 24 20:40:05 2017] 127.0.0.1:52867 Invalid request (Unexpected EOF)
[Thu Aug 24 20:40:05 2017] 127.0.0.1:52937 [200]: /favicon.ico
[Thu Aug 24 20:40:19 2017] 127.0.0.1:52938 Invalid request (Unexpected EOF)
[Thu Aug 24 20:40:19 2017] 127.0.0.1:52940 Invalid request (Unexpected EOF)
[Thu Aug 24 20:40:20 2017] 127.0.0.1:52985 [200]: /favicon.ico
[Thu Aug 24 20:40:49 2017] 127.0.0.1:52986 Invalid request (Unexpected EOF)
[Thu Aug 24 20:40:49 2017] 127.0.0.1:52988 Invalid request (Unexpected EOF)
[Thu Aug 24 20:41:07 2017] 127.0.0.1:53118 [200]: /favicon.ico
[Thu Aug 24 20:48:46 2017] 127.0.0.1:53119 Invalid request (Unexpected EOF)
[Thu Aug 24 20:48:46 2017] 127.0.0.1:53121 Invalid request (Unexpected EOF)
[Thu Aug 24 20:48:49 2017] 127.0.0.1:54397 [200]: /favicon.ico
[Thu Aug 24 20:49:13 2017] 127.0.0.1:54398 Invalid request (Unexpected EOF)
[Thu Aug 24 20:49:13 2017] 127.0.0.1:54401 Invalid request (Unexpected EOF)
[Thu Aug 24 20:52:18 2017] 127.0.0.1:54824 [200]: /favicon.ico
[Thu Aug 24 20:54:19 2017] 127.0.0.1:54825 Invalid request (Unexpected EOF)
[Thu Aug 24 20:54:19 2017] 127.0.0.1:54827 Invalid request (Unexpected EOF)
[Thu Aug 24 20:54:19 2017] 127.0.0.1:55039 [200]: /favicon.ico
[Thu Aug 24 20:55:10 2017] 127.0.0.1:55040 Invalid request (Unexpected EOF)
[Thu Aug 24 20:55:10 2017] 127.0.0.1:55042 Invalid request (Unexpected EOF)
[Thu Aug 24 20:55:11 2017] 127.0.0.1:55139 [200]: /favicon.ico
[Thu Aug 24 20:56:13 2017] 127.0.0.1:55140 Invalid request (Unexpected EOF)
[Thu Aug 24 20:56:13 2017] 127.0.0.1:55143 Invalid request (Unexpected EOF)
[Thu Aug 24 20:56:15 2017] 127.0.0.1:55295 [200]: /favicon.ico
[Thu Aug 24 20:56:36 2017] 127.0.0.1:55296 Invalid request (Unexpected EOF)
[Thu Aug 24 20:56:36 2017] 127.0.0.1:55298 Invalid request (Unexpected EOF)
[Thu Aug 24 20:58:15 2017] 127.0.0.1:55602 [200]: /favicon.ico
[Thu Aug 24 20:59:02 2017] 127.0.0.1:55603 Invalid request (Unexpected EOF)
[Thu Aug 24 20:59:02 2017] 127.0.0.1:55606 Invalid request (Unexpected EOF)
[Thu Aug 24 20:59:03 2017] 127.0.0.1:55736 [200]: /favicon.ico
[Thu Aug 24 20:59:05 2017] 127.0.0.1:55738 [200]: /favicon.ico
[Thu Aug 24 21:02:32 2017] 127.0.0.1:55749 Invalid request (Unexpected EOF)
[Thu Aug 24 21:02:32 2017] 127.0.0.1:55750 Invalid request (Unexpected EOF)
[Thu Aug 24 21:02:33 2017] 127.0.0.1:56123 [200]: /favicon.ico
[Thu Aug 24 21:06:08 2017] 127.0.0.1:56124 Invalid request (Unexpected EOF)
[Thu Aug 24 21:06:08 2017] 127.0.0.1:56126 Invalid request (Unexpected EOF)
[Thu Aug 24 21:06:09 2017] 127.0.0.1:56515 [200]: /favicon.ico
[Thu Aug 24 21:06:19 2017] 127.0.0.1:56517 Invalid request (Unexpected EOF)
[Thu Aug 24 21:06:19 2017] 127.0.0.1:56519 Invalid request (Unexpected EOF)
[Thu Aug 24 21:06:20 2017] 127.0.0.1:56546 [200]: /favicon.ico
[Thu Aug 24 21:08:45 2017] 127.0.0.1:56547 Invalid request (Unexpected EOF)
[Thu Aug 24 21:08:45 2017] 127.0.0.1:56549 Invalid request (Unexpected EOF)
[Thu Aug 24 21:10:47 2017] 127.0.0.1:57079 [200]: /favicon.ico
[Thu Aug 24 21:10:58 2017] 127.0.0.1:57080 Invalid request (Unexpected EOF)
[Thu Aug 24 21:10:58 2017] 127.0.0.1:57082 Invalid request (Unexpected EOF)
[Thu Aug 24 21:10:59 2017] 127.0.0.1:57110 [200]: /favicon.ico